// Jest Snapshot v1, https://goo.gl/fbAQLP

exports[`Filters to match snapshot 1`] = `
<ul
  className="flex flex-wrap"
>
  <li
    className="mx-1 my-1"
  >
    <button
      className="focus:outline-none hover:bg-blue-700 px-4 rounded-full text-white bg-blue-900"
      data-testid="all"
      onClick={[Function]}
      type="button"
    >
      all (1)
    </button>
  </li>
  <li
    className="mx-1 my-1"
  >
    <button
      className="focus:outline-none hover:bg-blue-700 px-4 rounded-full text-white bg-blue-500"
      data-testid="retrospectives"
      onClick={[Function]}
      type="button"
    >
      retrospectives (1)
    </button>
  </li>
</ul>
`;
