// Jest Snapshot v1, https://goo.gl/fbAQLP

exports[`PromptsPage to match snapshot 1`] = `
Array [
  <div
    className="mt-2"
  >
    <a
      className="text-indigo-700 underline"
      href="#/"
      onClick={[Function]}
    >
      Home
    </a>
     &gt; 
    <a
      className="capitalize text-indigo-700 underline"
      href="#/retrospectives"
      onClick={[Function]}
    >
      retrospectives
    </a>
     &gt; 
    ____
  </div>,
  <h1
    className="font-bold mb-8 mt-2 text-4xl text-gray-900"
  >
    TeamPrompts
  </h1>,
  <ul
    className="flex flex-wrap mb-4"
  >
    <li
      className="mx-1 my-1"
    >
      <a
        href="#/retrospectives"
        onClick={[Function]}
      >
        <button
          className="focus:outline-none hover:bg-blue-700 px-4 rounded-full text-white bg-blue-900"
          data-testid="retrospectives"
          onClick={[Function]}
          type="button"
        >
          retrospectives (1)
        </button>
      </a>
    </li>
  </ul>,
  <ul>
    <li>
      <div
        className="border-b border-gray-500 leading-loose py-8 text-lg"
      >
        Do you know the way to 
        <span
          className="inline-flex flex-col leading-none"
        >
          <div
            className="self-center"
            style={
              Object {
                "display": "inline-block",
              }
            }
          >
            <input
              className=""
              data-testid="input"
              onChange={[Function]}
              placeholder="________________"
              style={
                Object {
                  "boxSizing": "content-box",
                  "width": "1px",
                }
              }
              value=""
            />
            <div
              style={
                Object {
                  "height": 0,
                  "left": 0,
                  "overflow": "scroll",
                  "position": "absolute",
                  "top": 0,
                  "visibility": "hidden",
                  "whiteSpace": "pre",
                }
              }
            >
              
            </div>
            <div
              style={
                Object {
                  "height": 0,
                  "left": 0,
                  "overflow": "scroll",
                  "position": "absolute",
                  "top": 0,
                  "visibility": "hidden",
                  "whiteSpace": "pre",
                }
              }
            >
              ________________
            </div>
          </div>
          <label
            className="self-center text-sm"
          >
            place
          </label>
        </span>
        ?
        <span
          className="inline-block ml-3 relative"
        >
          <input
            checked={false}
            className="hidden"
            data-testid="receM4Gus7HH43oLM"
            id="receM4Gus7HH43oLM"
            onChange={[Function]}
            type="checkbox"
          />
          <label
            className="cursor-pointer"
            htmlFor="receM4Gus7HH43oLM"
          >
            <div
              className="w-6 h-3 bg-gray-400 rounded-full shadow-inner"
            />
            <div
              className="toggle__dot absolute w-4 h-4 bg-gray-300 rounded-full shadow inset-y-0 left-0"
            />
          </label>
        </span>
        <button
          className="bg-blue-500 focus:outline-none font-bold font-mono hover:bg-blue-700 ml-3 px-4 rounded-full text-sm text-white"
          data-testid="copy-button"
          onClick={[Function]}
          type="button"
        >
          Ctrl+C
        </button>
        <a
          className="ml-3 text-indigo-700 underline"
          href="#/retrospectives/receM4Gus7HH43oLM"
          onClick={[Function]}
        >
          <svg
            aria-hidden="true"
            className="svg-inline--fa fa-link fa-w-16 "
            data-icon="link"
            data-prefix="fas"
            focusable="false"
            role="img"
            style={Object {}}
            viewBox="0 0 512 512"
            xmlns="http://www.w3.org/2000/svg"
          >
            <path
              d="M326.612 185.391c59.747 59.809 58.927 155.698.36 214.59-.11.12-.24.25-.36.37l-67.2 67.2c-59.27 59.27-155.699 59.262-214.96 0-59.27-59.26-59.27-155.7 0-214.96l37.106-37.106c9.84-9.84 26.786-3.3 27.294 10.606.648 17.722 3.826 35.527 9.69 52.721 1.986 5.822.567 12.262-3.783 16.612l-13.087 13.087c-28.026 28.026-28.905 73.66-1.155 101.96 28.024 28.579 74.086 28.749 102.325.51l67.2-67.19c28.191-28.191 28.073-73.757 0-101.83-3.701-3.694-7.429-6.564-10.341-8.569a16.037 16.037 0 0 1-6.947-12.606c-.396-10.567 3.348-21.456 11.698-29.806l21.054-21.055c5.521-5.521 14.182-6.199 20.584-1.731a152.482 152.482 0 0 1 20.522 17.197zM467.547 44.449c-59.261-59.262-155.69-59.27-214.96 0l-67.2 67.2c-.12.12-.25.25-.36.37-58.566 58.892-59.387 154.781.36 214.59a152.454 152.454 0 0 0 20.521 17.196c6.402 4.468 15.064 3.789 20.584-1.731l21.054-21.055c8.35-8.35 12.094-19.239 11.698-29.806a16.037 16.037 0 0 0-6.947-12.606c-2.912-2.005-6.64-4.875-10.341-8.569-28.073-28.073-28.191-73.639 0-101.83l67.2-67.19c28.239-28.239 74.3-28.069 102.325.51 27.75 28.3 26.872 73.934-1.155 101.96l-13.087 13.087c-4.35 4.35-5.769 10.79-3.783 16.612 5.864 17.194 9.042 34.999 9.69 52.721.509 13.906 17.454 20.446 27.294 10.606l37.106-37.106c59.271-59.259 59.271-155.699.001-214.959z"
              fill="currentColor"
              style={Object {}}
            />
          </svg>
        </a>
      </div>
    </li>
  </ul>,
]
`;
