// Jest Snapshot v1, https://goo.gl/fbAQLP

exports[`InputText to match snapshot 1`] = `
<span
  className="inline-flex flex-col leading-none"
  onClick={[Function]}
>
  <div
    className="self-center"
    style={
      Object {
        "display": "inline-block",
      }
    }
  >
    <input
      className=""
      data-testid="input"
      onChange={[Function]}
      placeholder="________________"
      style={
        Object {
          "boxSizing": "content-box",
          "width": "1px",
        }
      }
      value=""
    />
    <div
      style={
        Object {
          "height": 0,
          "left": 0,
          "overflow": "scroll",
          "position": "absolute",
          "top": 0,
          "visibility": "hidden",
          "whiteSpace": "pre",
        }
      }
    >
      
    </div>
    <div
      style={
        Object {
          "height": 0,
          "left": 0,
          "overflow": "scroll",
          "position": "absolute",
          "top": 0,
          "visibility": "hidden",
          "whiteSpace": "pre",
        }
      }
    >
      ________________
    </div>
  </div>
</span>
`;
