// Jest Snapshot v1, https://goo.gl/fbAQLP

exports[`CopyButton to match snapshot 1`] = `
<button
  className="bg-blue-500 font-bold font-mono hover:bg-blue-700 ml-3 px-4 rounded-full text-sm text-white"
  onClick={[Function]}
  type="button"
>
  Ctrl+C
</button>
`;
