// Jest Snapshot v1, https://goo.gl/fbAQLP

exports[`InputText to match snapshot 1`] = `
<input
  data-testid="input"
  onChange={[Function]}
  placeholder="________________"
  size={16}
  type="text"
/>
`;
