// Jest Snapshot v1, https://goo.gl/fbAQLP

exports[`reducer UNKNOWN 1`] = `
Object {
  "0": "",
  "1": "",
}
`;

exports[`reducer change 1`] = `
Object {
  "0": "hello",
  "1": "",
}
`;
