// Jest Snapshot v1, https://goo.gl/fbAQLP

exports[`App click retrospectives 1`] = `
<button
  class="focus:outline-none hover:bg-blue-700 px-4 rounded-full text-white bg-blue-900"
  data-testid="retrospectives"
  type="button"
>
  retrospectives (1)
</button>
`;

exports[`App loading 1`] = `
<div
  className="flex flex-col font-serif items-center max-w-4xl mx-16 sm:mx-32 md:mx-32 lg:mx-32 xl:mx-auto"
>
  <h1
    className="font-bold my-8 text-4xl text-gray-900"
  >
    TeamPrompts
  </h1>
  <svg
    aria-hidden="true"
    className="svg-inline--fa fa-circle-notch fa-w-16 fa-spin text-4xl"
    data-icon="circle-notch"
    data-prefix="fas"
    focusable="false"
    role="img"
    style={Object {}}
    viewBox="0 0 512 512"
    xmlns="http://www.w3.org/2000/svg"
  >
    <path
      d="M288 39.056v16.659c0 10.804 7.281 20.159 17.686 23.066C383.204 100.434 440 171.518 440 256c0 101.689-82.295 184-184 184-101.689 0-184-82.295-184-184 0-84.47 56.786-155.564 134.312-177.219C216.719 75.874 224 66.517 224 55.712V39.064c0-15.709-14.834-27.153-30.046-23.234C86.603 43.482 7.394 141.206 8.003 257.332c.72 137.052 111.477 246.956 248.531 246.667C393.255 503.711 504 392.788 504 256c0-115.633-79.14-212.779-186.211-240.236C302.678 11.889 288 23.456 288 39.056z"
      fill="currentColor"
      style={Object {}}
    />
  </svg>
  <small
    className="font-normal my-8 text-gray-700 text-sm"
  >
    v
    0.14.4
  </small>
</div>
`;

exports[`App w/ fitbs & tags 1`] = `
<div>
  <div
    class="flex flex-col font-serif items-center max-w-4xl mx-16 sm:mx-32 md:mx-32 lg:mx-32 xl:mx-auto"
  >
    <h1
      class="font-bold my-8 text-4xl text-gray-900"
    >
      TeamPrompts
    </h1>
    <ul
      class="flex flex-wrap mb-4"
    >
      <li
        class="mx-1 my-1"
      >
        <a
          href="#/all"
        >
          <button
            class="focus:outline-none hover:bg-blue-700 px-4 rounded-full text-white bg-blue-900"
            data-testid="all"
            type="button"
          >
            all (1)
          </button>
        </a>
      </li>
      <li
        class="mx-1 my-1"
      >
        <a
          href="#/retrospectives"
        >
          <button
            class="focus:outline-none hover:bg-blue-700 px-4 rounded-full text-white bg-blue-500"
            data-testid="retrospectives"
            type="button"
          >
            retrospectives (1)
          </button>
        </a>
      </li>
    </ul>
    <ul>
      <li>
        <div
          class="border-b border-gray-500 leading-loose py-8 text-lg"
        >
          Do you know the way to 
          <span
            class="inline-flex flex-col leading-none"
          >
            <div
              class="self-center"
              style="display: inline-block;"
            >
              <input
                class=""
                data-testid="input"
                placeholder="________________"
                style="box-sizing: content-box; width: 2px;"
                value=""
              />
              <div
                style="position: absolute; top: 0px; left: 0px; visibility: hidden; height: 0px; overflow: scroll; white-space: pre; font-family: -webkit-small-control; letter-spacing: normal; text-transform: none;"
              />
              <div
                style="position: absolute; top: 0px; left: 0px; visibility: hidden; height: 0px; overflow: scroll; white-space: pre; font-family: -webkit-small-control; letter-spacing: normal; text-transform: none;"
              >
                ________________
              </div>
            </div>
            <label
              class="self-center text-sm"
            >
              [place]
            </label>
          </span>
          ?
          <span
            class="inline-block ml-3 relative"
          >
            <input
              class="hidden"
              data-testid="receM4Gus7HH43oLM"
              id="receM4Gus7HH43oLM"
              type="checkbox"
            />
            <label
              class="cursor-pointer"
              for="receM4Gus7HH43oLM"
            >
              <div
                class="w-6 h-3 bg-gray-400 rounded-full shadow-inner"
              />
              <div
                class="toggle__dot absolute w-4 h-4 bg-gray-300 rounded-full shadow inset-y-0 left-0"
              />
            </label>
          </span>
          <button
            class="bg-blue-500 focus:outline-none font-bold font-mono hover:bg-blue-700 ml-3 px-4 rounded-full text-sm text-white"
            data-testid="copy-button"
            type="button"
          >
            Ctrl+C
          </button>
        </div>
      </li>
    </ul>
    <small
      class="font-normal my-8 text-gray-700 text-sm"
    >
      v
      0.14.4
    </small>
  </div>
</div>
`;

exports[`App w/ fitbs error 1`] = `
<div>
  <div
    class="flex flex-col font-serif items-center max-w-4xl mx-16 sm:mx-32 md:mx-32 lg:mx-32 xl:mx-auto"
  >
    <h1
      class="font-bold my-8 text-4xl text-gray-900"
    >
      TeamPrompts
    </h1>
    <pre>
      {}
    </pre>
    <small
      class="font-normal my-8 text-gray-700 text-sm"
    >
      v
      0.14.4
    </small>
  </div>
</div>
`;

exports[`App w/ tags error 1`] = `
<div>
  <div
    class="flex flex-col font-serif items-center max-w-4xl mx-16 sm:mx-32 md:mx-32 lg:mx-32 xl:mx-auto"
  >
    <h1
      class="font-bold my-8 text-4xl text-gray-900"
    >
      TeamPrompts
    </h1>
    <pre>
      {}
    </pre>
    <small
      class="font-normal my-8 text-gray-700 text-sm"
    >
      v
      0.14.4
    </small>
  </div>
</div>
`;
